../Core/Src/main.c:103:6:Active_alarm	24	static
../Core/Src/main.c:118:6:Turn_on_alarm	4	static
../Core/Src/main.c:128:6:Save_last_time	4	static
../Core/Src/main.c:143:6:Save_last_alarm	8	static
../Core/Src/main.c:154:6:Color_Selected	24	static
../Core/Src/main.c:192:6:Plus_Time	4	static
../Core/Src/main.c:212:6:Minus_Time	4	static
../Core/Src/main.c:244:6:Change_Time	16	static
../Core/Src/main.c:279:6:Set_Alarm	32	static
../Core/Src/main.c:333:6:Hello	24	static
../Core/Src/main.c:345:6:Write_TimeDate	24	static
../Core/Src/main.c:361:6:Write_Temp	32	static
../Core/Src/main.c:378:6:HAL_TIM_IC_CaptureCallback	16	static
../Core/Src/main.c:397:6:Write_selected	16	static
../Core/Src/main.c:413:6:Write_screen	16	static
../Core/Src/main.c:445:5:main	8	static,ignoring_inline_asm
../Core/Src/main.c:506:6:SystemClock_Config	96	static
../Core/Src/main.c:565:6:Error_Handler	4	static,ignoring_inline_asm
