../Core/Src/main.c:105:6:Active_alarm	24	static
../Core/Src/main.c:120:6:Turn_on_alarm	4	static
../Core/Src/main.c:125:6:Save_last_time	4	static
../Core/Src/main.c:135:6:Save_last_alarm	8	static
../Core/Src/main.c:142:6:Color_Selected	24	static
../Core/Src/main.c:176:6:Plus_Time	4	static
../Core/Src/main.c:192:6:Minus_Time	4	static
../Core/Src/main.c:220:6:Change_Time	16	static
../Core/Src/main.c:251:6:Set_Alarm	32	static
../Core/Src/main.c:301:6:Hello	24	static
../Core/Src/main.c:309:6:Write_TimeDate	24	static
../Core/Src/main.c:321:6:Write_Temp	32	static
../Core/Src/main.c:334:6:HAL_TIM_IC_CaptureCallback	16	static
../Core/Src/main.c:349:6:Write_selected	16	static
../Core/Src/main.c:362:6:Write_screen	16	static
../Core/Src/main.c:394:5:main	8	static,ignoring_inline_asm
../Core/Src/main.c:455:6:SystemClock_Config	96	static
../Core/Src/main.c:514:6:Error_Handler	4	static,ignoring_inline_asm
